/ Journal File for GAMBIT 2.4.6, Database 2.4.4, ntx86 SP2007051421
/ Identifier "default_id4232"
/ File opened for write Mon Aug 01 22:04:18 2016.
vertex create coordinates 0 0 0
vertex create coordinates 15 0 0
vertex create coordinates 15 30 0
vertex create coordinates 11 30 0
vertex create coordinates 11 26 0
edge create straight "vertex.1" "vertex.2"
edge create straight "vertex.2" "vertex.3"
edge create straight "vertex.3" "vertex.4"
edge create straight "vertex.4" "vertex.5"
edge create straight "vertex.5" "vertex.1"
undo begingroup
edge picklink "edge.3"
edge mesh "edge.3" successive ratio1 1 size 2
undo endgroup
undo begingroup
edge delete "edge.3" keepsettings onlymesh
edge mesh "edge.3" successive ratio1 1 size 0.5
undo endgroup
undo begingroup
edge delete "edge.3" keepsettings onlymesh
edge mesh "edge.3" successive ratio1 1 size 1
undo endgroup
undo begingroup
edge delete "edge.2" "edge.1" "edge.5" "edge.4" "edge.3" keepsettings onlymesh
edge mesh "edge.2" "edge.1" "edge.5" "edge.4" "edge.3" successive ratio1 1 \
  size 2
undo endgroup
face create wireframe "edge.2" "edge.1" "edge.5" "edge.4" "edge.3" real
/ERROR occurred in the next command!
face mesh "face.1" map size 1
/ERROR occurred in the next command!
face mesh "face.1" submap size 1
/ERROR occurred in the next command!
face mesh "face.1" submap size 1
/ERROR occurred in the next command!
face mesh "face.1" pave size 1
/ERROR occurred in the next command!
face mesh "face.1" triprimitive size 1
/ERROR occurred in the next command!
face mesh "face.1" trimap size 1
undo begingroup
edge delete "edge.5" keepsettings onlymesh
edge picklink "edge.5"
edge mesh "edge.5" successive ratio1 1 intervals 15
undo endgroup
/ERROR occurred in the next command!
face mesh "face.1" map size 1
/ERROR occurred in the next command!
face mesh "face.1" submap size 1
face mesh "face.1" pave size 1
undo begingroup
face delete "face.1" onlymesh
face mesh "face.1" pave size 1.9578854
undo endgroup
undo begingroup
face delete "face.1" onlymesh
/ERROR occurred in the next command!
face mesh "face.1" triprimitive size 1.9578854
undo endgroup
/ERROR occurred in the next command!
face mesh "face.1" submap size 1.9578854
/ERROR occurred in the next command!
face mesh "face.1" map thomasmiddlecoff size 1.9578854
/ERROR occurred in the next command!
face mesh "face.1" submap size 1.9578854
/ERROR occurred in the next command!
face mesh "face.1" submap size 1
/ERROR occurred in the next command!
face mesh "face.1" submap
/ERROR occurred in the next command!
face mesh "face.1" submap
face mesh "face.1" triangle
undo begingroup
face delete "face.1" onlymesh
/ERROR occurred in the next command!
face mesh "face.1" mapsplit saveblayers
undo endgroup
/ERROR occurred in the next command!
face mesh "face.1" submapsplit saveblayers
edge delete "edge.2" lowertopology
edge delete "edge.2" lowertopology
edge delete "edge.2" lowertopology
edge delete "edge.2" lowertopology
/ERROR occurred in the next command!
face create wireframe "edge.2" real
face delete "face.1" lowertopology
undo
/Undone to: face delete "face.1" lowertopology
face delete "face.1" lowertopology
vertex create coordinates 11 26 0
vertex create coordinates 0 0 0
vertex create coordinates 15 0 0
vertex create coordinates 15 30 0
vertex create coordinates 15 26 0
vertex create coordinates 11 26 0
vertex create coordinates 11 30 0
vertex delete "vertex.1"
edge create straight "vertex.2" "vertex.3"
edge create straight "vertex.3" "vertex.5"
edge create straight "vertex.5" "vertex.4"
edge create straight "vertex.4" "vertex.7"
edge create straight "vertex.7" "vertex.6"
edge create straight "vertex.6" "vertex.2"
edge create straight "vertex.6" "vertex.5"
face create wireframe "edge.1" "edge.2" "edge.7" "edge.6" real
face create wireframe "edge.5" "edge.7" "edge.3" "edge.4" real
undo begingroup
edge picklink "edge.4" "edge.3" "edge.7" "edge.5"
edge mesh "edge.5" "edge.7" "edge.3" "edge.4" successive ratio1 1 size 1
undo endgroup
undo begingroup
edge picklink "edge.2" "edge.6"
edge mesh "edge.6" "edge.2" successive ratio1 1 intervals 15
undo endgroup
undo begingroup
edge picklink "edge.1"
edge mesh "edge.1" successive ratio1 1 size 1
undo endgroup
face mesh "face.2" map size 1
/ERROR occurred in the next command!
face mesh "face.1" map size 1
/ERROR occurred in the next command!
face mesh "face.1" submap size 1
/ERROR occurred in the next command!
face mesh "face.1" pave size 1
/ERROR occurred in the next command!
face mesh "face.1" pave size 1
undo begingroup
edge delete "edge.1" keepsettings onlymesh
edge mesh "edge.1" successive ratio1 1 intervals 10
undo endgroup
undo begingroup
edge delete "edge.1" keepsettings onlymesh
edge mesh "edge.1" successive ratio1 1 intervals 8
undo endgroup
face mesh "face.1" pave size 1
face msummarize "face.1"
face msummarize "face.1" meshnodes 2 6 7 8 9 17 18 19 20 21 22 23 24 25 26 27 \
  28 29 30 31 32 33 34 35 36 37 38 39 40 41 42 43 44 45 46 56 57 58 59 60 61 \
  62 63 64 65 66 67 68 69 70 71 72 73 74 75 76 77 78 79 80 81 82 83 84 85 86 \
  87 88 89 90 91 92 93 94 95 96 97 98 99 100 101 102 103 104 105 106 107 108 \
  109 110 111 112 113 114 115 116 117
face msummarize "face.1" meshelements 17 18 19 20 21 22 23 24 25 26 27 28 29 \
  30 31 32 33 34 35 36 37 38 39 40 41 42 43 44 45 46 47 48 49 50 51 52 53 54 \
  55 56 57 58 59 60 61 62 63 64 65 66 67 68 69 70 71 72 73 74 75 76 77 78 79 \
  80 81 82 83 84 85 86 87 88 89 90 91
save
face msummarize "face.2" meshnodes
face msummarize "face.1" meshnodes
face msummarize "face.2" meshelements
face msummarize "face.1" meshelements
save
/ File closed at Mon Aug 01 22:43:19 2016, 5.79 cpu second(s), 4079176 maximum memory.
/ Journal File for GAMBIT 2.4.6, Database 2.4.4, ntx86 SP2007051421
/ Identifier "default_id4232"
/ File opened for append Mon Aug 01 22:44:30 2016.
identifier name \
  "G:\\Finite Element Code\\Gambit\\Model 2\\default_id4232.dbs" old \
  nosaveprevious
face delete lowertopology onlymesh
edge mesh "edge.4" "edge.3" "edge.7" "edge.5" successive ratio1 1 intervals 3
edge mesh "edge.2" "edge.6" successive ratio1 1 intervals 10
edge mesh "edge.1" successive ratio1 1 intervals 6
face mesh "face.2" map size 1
/ERROR occurred in the next command!
face mesh "face.1" pave
/ERROR occurred in the next command!
face mesh "face.1" pave
/ERROR occurred in the next command!
face mesh "face.1" pave size 1.7435997
/ERROR occurred in the next command!
face mesh "face.1" pave size 1.7435997
undo begingroup
edge delete "edge.1" keepsettings onlymesh
edge mesh "edge.1" successive ratio1 1 intervals 5
undo endgroup
face mesh "face.1" pave size 1.7435997
face msummarize "face.2" meshnodes
face msummarize "face.1" meshnodes
face msummarize "face.2" meshelements
face msummarize "face.1" meshelements
save
undo
undo
undo
undo
undo
undo
undo
undo
undo
undo
undo
undo
undo
undo
/ File closed at Tue Aug 02 01:41:58 2016, 1.98 cpu second(s), 3788744 maximum memory.
